../Core/Src/main.c:125:5:main	8	static
../Core/Src/main.c:220:6:SystemClock_Config	88	static
../Core/Src/main.c:274:13:MX_USART2_UART_Init	8	static
../Core/Src/main.c:307:13:MX_GPIO_Init	48	static
../Core/Src/main.c:352:6:StartTask1	16	static
../Core/Src/main.c:383:6:StartTask2	16	static
../Core/Src/main.c:427:6:StartTask3	16	static
../Core/Src/main.c:450:6:StartTask4	16	static
../Core/Src/main.c:474:6:StartTask5	16	static
../Core/Src/main.c:499:6:StartTask6	16	static
../Core/Src/main.c:520:6:HAL_TIM_PeriodElapsedCallback	16	static
../Core/Src/main.c:537:6:Error_Handler	4	static,ignoring_inline_asm
