../Core/Src/main.c:112:5:main	8	static
../Core/Src/main.c:204:6:SystemClock_Config	88	static
../Core/Src/main.c:246:13:MX_I2C1_Init	8	static
../Core/Src/main.c:280:13:MX_USART2_UART_Init	8	static
../Core/Src/main.c:313:13:MX_GPIO_Init	48	static
../Core/Src/main.c:391:6:StartDefaultTask	16	static
../Core/Src/main.c:418:6:StartTask02	24	static
../Core/Src/main.c:515:6:StartTask03	16	static
../Core/Src/main.c:546:6:StartTask04	24	static
../Core/Src/main.c:577:6:HAL_TIM_PeriodElapsedCallback	16	static
../Core/Src/main.c:594:6:Error_Handler	4	static,ignoring_inline_asm
